../Core/Src/main.c:79:5:main	8	static
../Core/Src/main.c:122:6:SystemClock_Config	72	static
../Core/Src/main.c:162:13:MX_TIM3_Init	32	static
../Core/Src/main.c:207:13:MX_GPIO_Init	32	static
../Core/Src/main.c:238:6:SetAllOff	8	static
../Core/Src/main.c:245:6:SetRedOn	8	static
../Core/Src/main.c:250:6:SetGreenOn	8	static
../Core/Src/main.c:255:6:SetBlueOn	8	static
../Core/Src/main.c:260:6:SetAllOn	8	static
../Core/Src/main.c:267:6:SetLedEffect	8	static
../Core/Src/main.c:284:6:Calculate_present_counter	4	static
../Core/Src/main.c:299:6:HAL_TIM_PeriodElapsedCallback	16	static
../Core/Src/main.c:327:6:Error_Handler	4	static,ignoring_inline_asm
