../Core/Src/main.c:84:5:main	8	static
../Core/Src/main.c:145:6:SystemClock_Config	72	static
../Core/Src/main.c:185:13:MX_CAN_Init	8	static
../Core/Src/main.c:222:13:MX_TIM1_Init	80	static
../Core/Src/main.c:291:13:MX_TIM4_Init	48	static
../Core/Src/main.c:340:13:MX_USART1_UART_Init	8	static
../Core/Src/main.c:373:13:MX_GPIO_Init	40	static
../Core/Src/main.c:409:6:HAL_CAN_RxFifo1MsgPendingCallback	16	static
../Core/Src/main.c:423:6:run_service	8	static
../Core/Src/main.c:446:6:Error_Handler	4	static,ignoring_inline_asm
